bcdefghijklmnopqrstuvwxyzabcde         +30          +1
abcbcdefghijklmnopqrstuvwxyzabcde!?abcbcdefghijklmnopqrstuvwxyzabcde!?        +70
      +7270
FTTTTFTT
         +0         +2xz         +2
         +1         +4xyzq
edcbazyxwvutsrqponmlkjihgfedcb
edcbazyxwvutsrqponmlkjihgfedcb|abc        +34
abababab         +8T
         +0         +1T
xxxxx
quote"and\?        +11
row 1
row 2
row 3
